63.143.42.248 - - [20/May/2021:07:10:30 +0000] "HEAD / HTTP/1.1" 302 0 "https://tautulli.neat.moe" "Mozilla/5.0+(compatible; UptimeRobot/2.0; http://www.uptimerobot.com/)"
63.143.42.248 - - [20/May/2021:07:10:31 +0000] "HEAD /auth/logout?redirect_uri=/ HTTP/1.1" 302 0 "https://tautulli.neat.moe" "Mozilla/5.0+(compatible; UptimeRobot/2.0; http://www.uptimerobot.com/)"
63.143.42.248 - - [20/May/2021:07:10:31 +0000] "HEAD /auth/login?redirect_uri=/ HTTP/1.1" 200 0 "https://tautulli.neat.moe" "Mozilla/5.0+(compatible; UptimeRobot/2.0; http://www.uptimerobot.com/)"
31.10.149.189 - - [20/May/2021:07:10:53 +0000] "GET /api/service/82 HTTP/2.0" 200 210 "http://localhost:8081/" "Mozilla/5.0 (Windows NT 10.0; Win64; x64) AppleWebKit/537.36 (KHTML, like Gecko) Chrome/90.0.4430.212 Safari/537.36"
31.10.149.189 - - [20/May/2021:07:10:53 +0000] "GET /api/config/Nginx HTTP/2.0" 200 1257 "http://localhost:8081/" "Mozilla/5.0 (Windows NT 10.0; Win64; x64) AppleWebKit/537.36 (KHTML, like Gecko) Chrome/90.0.4430.212 Safari/537.36"
54.250.87.247 - - [20/May/2021:07:15:27 +0000] "GET / HTTP/1.1" 301 194 "-" "Mozilla/5.0 (Windows NT 5.1) AppleWebKit/537.36 (KHTML, like Gecko) Chrome/36.0.1985.67 Safari/537.36"
54.250.87.247 - - [20/May/2021:07:15:29 +0000] "GET / HTTP/2.0" 502 584 "-" "Mozilla/5.0 (Windows NT 5.1) AppleWebKit/537.36 (KHTML, like Gecko) Chrome/36.0.1985.67 Safari/537.36"
54.250.87.247 - - [20/May/2021:07:15:30 +0000] "GET /wp-login.php HTTP/1.1" 301 194 "-" "Mozilla/5.0 (Windows NT 5.1) AppleWebKit/537.36 (KHTML, like Gecko) Chrome/36.0.1985.67 Safari/537.36"
63.143.42.248 - - [20/May/2021:07:15:30 +0000] "HEAD / HTTP/1.1" 302 0 "https://tautulli.neat.moe" "Mozilla/5.0+(compatible; UptimeRobot/2.0; http://www.uptimerobot.com/)"
54.250.87.247 - - [20/May/2021:07:15:30 +0000] "GET /wp-login.php HTTP/2.0" 502 584 "-" "Mozilla/5.0 (Windows NT 5.1) AppleWebKit/537.36 (KHTML, like Gecko) Chrome/36.0.1985.67 Safari/537.36"
63.143.42.248 - - [20/May/2021:07:15:31 +0000] "HEAD /auth/logout?redirect_uri=/ HTTP/1.1" 302 0 "https://tautulli.neat.moe" "Mozilla/5.0+(compatible; UptimeRobot/2.0; http://www.uptimerobot.com/)"
63.143.42.248 - - [20/May/2021:07:15:31 +0000] "HEAD /auth/login?redirect_uri=/ HTTP/1.1" 200 0 "https://tautulli.neat.moe" "Mozilla/5.0+(compatible; UptimeRobot/2.0; http://www.uptimerobot.com/)"
54.250.87.247 - - [20/May/2021:07:15:31 +0000] "GET /wp-login.php HTTP/1.1" 301 194 "-" "Mozilla/5.0 (Windows NT 5.1) AppleWebKit/537.36 (KHTML, like Gecko) Chrome/36.0.1985.67 Safari/537.36"
162.158.165.102 - - [20/May/2021:07:15:33 +0000] "GET /wp-login.php HTTP/1.1" 404 1045 "-" "Mozilla/5.0 (Windows NT 5.1) AppleWebKit/537.36 (KHTML, like Gecko) Chrome/36.0.1985.67 Safari/537.36"
54.250.87.247 - - [20/May/2021:07:15:33 +0000] "GET /wordpress/wp-login.php HTTP/1.1" 301 194 "-" "Mozilla/5.0 (Windows NT 5.1) AppleWebKit/537.36 (KHTML, like Gecko) Chrome/36.0.1985.67 Safari/537.36"
54.250.87.247 - - [20/May/2021:07:15:34 +0000] "GET /wordpress/wp-login.php HTTP/2.0" 502 584 "-" "Mozilla/5.0 (Windows NT 5.1) AppleWebKit/537.36 (KHTML, like Gecko) Chrome/36.0.1985.67 Safari/537.36"
54.250.87.247 - - [20/May/2021:07:15:34 +0000] "GET /blog/wp-login.php HTTP/1.1" 301 194 "-" "Mozilla/5.0 (Windows NT 5.1) AppleWebKit/537.36 (KHTML, like Gecko) Chrome/36.0.1985.67 Safari/537.36"
54.250.87.247 - - [20/May/2021:07:15:35 +0000] "GET /blog/wp-login.php HTTP/2.0" 502 584 "-" "Mozilla/5.0 (Windows NT 5.1) AppleWebKit/537.36 (KHTML, like Gecko) Chrome/36.0.1985.67 Safari/537.36"
54.250.87.247 - - [20/May/2021:07:15:36 +0000] "GET /wp/wp-login.php HTTP/1.1" 301 194 "-" "Mozilla/5.0 (Windows NT 5.1) AppleWebKit/537.36 (KHTML, like Gecko) Chrome/36.0.1985.67 Safari/537.36"
54.250.87.247 - - [20/May/2021:07:15:37 +0000] "GET /wp/wp-login.php HTTP/2.0" 502 584 "-" "Mozilla/5.0 (Windows NT 5.1) AppleWebKit/537.36 (KHTML, like Gecko) Chrome/36.0.1985.67 Safari/537.36"
31.10.149.189 - - [20/May/2021:07:15:47 +0000] "GET /api/service/82 HTTP/2.0" 200 210 "http://localhost:8081/" "Mozilla/5.0 (Windows NT 10.0; Win64; x64) AppleWebKit/537.36 (KHTML, like Gecko) Chrome/90.0.4430.212 Safari/537.36"
31.10.149.189 - - [20/May/2021:07:15:47 +0000] "GET /api/config/Nginx HTTP/2.0" 200 1257 "http://localhost:8081/" "Mozilla/5.0 (Windows NT 10.0; Win64; x64) AppleWebKit/537.36 (KHTML, like Gecko) Chrome/90.0.4430.212 Safari/537.36"
172.68.57.91 - - [20/May/2021:07:16:48 +0000] "GET /stylesheets/style.css HTTP/1.1" 200 1101 "https://neat.moe/projects" "Mozilla/5.0 AppleWebKit/537.36 (KHTML, like Gecko; compatible; Googlebot/2.1; +http://www.google.com/bot.html) Chrome/90.0.4430.97 Safari/537.36"
63.143.42.248 - - [20/May/2021:07:20:30 +0000] "HEAD / HTTP/1.1" 302 0 "https://tautulli.neat.moe" "Mozilla/5.0+(compatible; UptimeRobot/2.0; http://www.uptimerobot.com/)"
63.143.42.248 - - [20/May/2021:07:20:31 +0000] "HEAD /auth/logout?redirect_uri=/ HTTP/1.1" 302 0 "https://tautulli.neat.moe" "Mozilla/5.0+(compatible; UptimeRobot/2.0; http://www.uptimerobot.com/)"
63.143.42.248 - - [20/May/2021:07:20:31 +0000] "HEAD /auth/login?redirect_uri=/ HTTP/1.1" 200 0 "https://tautulli.neat.moe" "Mozilla/5.0+(compatible; UptimeRobot/2.0; http://www.uptimerobot.com/)"
31.10.149.189 - - [20/May/2021:07:21:44 +0000] "GET /api/service/82 HTTP/2.0" 200 210 "http://localhost:8081/" "Mozilla/5.0 (Windows NT 10.0; Win64; x64) AppleWebKit/537.36 (KHTML, like Gecko) Chrome/90.0.4430.212 Safari/537.36"
31.10.149.189 - - [20/May/2021:07:21:44 +0000] "GET /api/config/Nginx HTTP/2.0" 200 1257 "http://localhost:8081/" "Mozilla/5.0 (Windows NT 10.0; Win64; x64) AppleWebKit/537.36 (KHTML, like Gecko) Chrome/90.0.4430.212 Safari/537.36"
160.85.254.220 - - [20/May/2021:07:22:54 +0000] "GET /batch/index HTTP/2.0" 200 75 "-" "ScannerGradle/2.7-SNAPSHOT/6.8.3"
160.85.254.220 - - [20/May/2021:07:22:55 +0000] "GET /batch/file?name=sonar-scanner-engine-shaded-7.9.2-all.jar HTTP/2.0" 200 17552753 "-" "ScannerGradle/2.7-SNAPSHOT/6.8.3"
160.85.254.220 - 1eed50ec9b94a1051961a2ad710a58f85e4e4a82 [20/May/2021:07:22:56 +0000] "GET /api/settings/values.protobuf HTTP/2.0" 200 4708 "-" "ScannerGradle/2.7-SNAPSHOT/6.8.3"
160.85.254.220 - 1eed50ec9b94a1051961a2ad710a58f85e4e4a82 [20/May/2021:07:22:56 +0000] "GET /api/plugins/installed HTTP/2.0" 200 2509 "-" "ScannerGradle/2.7-SNAPSHOT/6.8.3"
160.85.254.220 - 1eed50ec9b94a1051961a2ad710a58f85e4e4a82 [20/May/2021:07:22:57 +0000] "GET /api/plugins/download?plugin=csharp&acceptCompressions=pack200 HTTP/2.0" 200 5025920 "-" "ScannerGradle/2.7-SNAPSHOT/6.8.3"
160.85.254.220 - 1eed50ec9b94a1051961a2ad710a58f85e4e4a82 [20/May/2021:07:22:57 +0000] "GET /api/plugins/download?plugin=scmgit&acceptCompressions=pack200 HTTP/2.0" 200 2538373 "-" "ScannerGradle/2.7-SNAPSHOT/6.8.3"
160.85.254.220 - 1eed50ec9b94a1051961a2ad710a58f85e4e4a82 [20/May/2021:07:22:57 +0000] "GET /api/plugins/download?plugin=authgithub&acceptCompressions=pack200 HTTP/2.0" 200 287504 "-" "ScannerGradle/2.7-SNAPSHOT/6.8.3"
160.85.254.220 - 1eed50ec9b94a1051961a2ad710a58f85e4e4a82 [20/May/2021:07:22:57 +0000] "GET /api/plugins/download?plugin=jacoco&acceptCompressions=pack200 HTTP/2.0" 200 19648 "-" "ScannerGradle/2.7-SNAPSHOT/6.8.3"
160.85.254.220 - 1eed50ec9b94a1051961a2ad710a58f85e4e4a82 [20/May/2021:07:22:59 +0000] "GET /api/plugins/download?plugin=java&acceptCompressions=pack200 HTTP/2.0" 200 18713549 "-" "ScannerGradle/2.7-SNAPSHOT/6.8.3"
160.85.254.220 - 1eed50ec9b94a1051961a2ad710a58f85e4e4a82 [20/May/2021:07:22:59 +0000] "GET /api/plugins/download?plugin=ldap&acceptCompressions=pack200 HTTP/2.0" 200 300503 "-" "ScannerGradle/2.7-SNAPSHOT/6.8.3"
160.85.254.220 - 1eed50ec9b94a1051961a2ad710a58f85e4e4a82 [20/May/2021:07:23:00 +0000] "GET /api/plugins/download?plugin=authsaml&acceptCompressions=pack200 HTTP/2.0" 200 3312399 "-" "ScannerGradle/2.7-SNAPSHOT/6.8.3"
160.85.254.220 - 1eed50ec9b94a1051961a2ad710a58f85e4e4a82 [20/May/2021:07:23:01 +0000] "GET /api/plugins/download?plugin=cssfamily&acceptCompressions=pack200 HTTP/2.0" 200 8751810 "-" "ScannerGradle/2.7-SNAPSHOT/6.8.3"
160.85.254.220 - 1eed50ec9b94a1051961a2ad710a58f85e4e4a82 [20/May/2021:07:23:01 +0000] "GET /api/plugins/download?plugin=flex&acceptCompressions=pack200 HTTP/2.0" 200 1544789 "-" "ScannerGradle/2.7-SNAPSHOT/6.8.3"
160.85.254.220 - 1eed50ec9b94a1051961a2ad710a58f85e4e4a82 [20/May/2021:07:23:02 +0000] "GET /api/plugins/download?plugin=go&acceptCompressions=pack200 HTTP/2.0" 200 6857471 "-" "ScannerGradle/2.7-SNAPSHOT/6.8.3"
160.85.254.220 - 1eed50ec9b94a1051961a2ad710a58f85e4e4a82 [20/May/2021:07:23:02 +0000] "GET /api/plugins/download?plugin=web&acceptCompressions=pack200 HTTP/2.0" 200 807419 "-" "ScannerGradle/2.7-SNAPSHOT/6.8.3"
160.85.254.220 - 1eed50ec9b94a1051961a2ad710a58f85e4e4a82 [20/May/2021:07:23:03 +0000] "GET /api/plugins/download?plugin=javascript&acceptCompressions=pack200 HTTP/2.0" 200 10073791 "-" "ScannerGradle/2.7-SNAPSHOT/6.8.3"
160.85.254.220 - 1eed50ec9b94a1051961a2ad710a58f85e4e4a82 [20/May/2021:07:23:03 +0000] "GET /api/plugins/download?plugin=kotlin&acceptCompressions=pack200 HTTP/2.0" 200 7595999 "-" "ScannerGradle/2.7-SNAPSHOT/6.8.3"
160.85.254.220 - 1eed50ec9b94a1051961a2ad710a58f85e4e4a82 [20/May/2021:07:23:04 +0000] "GET /api/plugins/download?plugin=php&acceptCompressions=pack200 HTTP/2.0" 200 5114297 "-" "ScannerGradle/2.7-SNAPSHOT/6.8.3"
160.85.254.220 - 1eed50ec9b94a1051961a2ad710a58f85e4e4a82 [20/May/2021:07:23:04 +0000] "GET /api/plugins/download?plugin=python&acceptCompressions=pack200 HTTP/2.0" 200 3218281 "-" "ScannerGradle/2.7-SNAPSHOT/6.8.3"
160.85.254.220 - 1eed50ec9b94a1051961a2ad710a58f85e4e4a82 [20/May/2021:07:23:05 +0000] "GET /api/plugins/download?plugin=ruby&acceptCompressions=pack200 HTTP/2.0" 200 10036210 "-" "ScannerGradle/2.7-SNAPSHOT/6.8.3"
160.85.254.220 - 1eed50ec9b94a1051961a2ad710a58f85e4e4a82 [20/May/2021:07:23:06 +0000] "GET /api/plugins/download?plugin=sonarscala&acceptCompressions=pack200 HTTP/2.0" 200 9202024 "-" "ScannerGradle/2.7-SNAPSHOT/6.8.3"
160.85.254.220 - 1eed50ec9b94a1051961a2ad710a58f85e4e4a82 [20/May/2021:07:23:06 +0000] "GET /api/plugins/download?plugin=typescript&acceptCompressions=pack200 HTTP/2.0" 200 5746 "-" "ScannerGradle/2.7-SNAPSHOT/6.8.3"
160.85.254.220 - 1eed50ec9b94a1051961a2ad710a58f85e4e4a82 [20/May/2021:07:23:07 +0000] "GET /api/plugins/download?plugin=xml&acceptCompressions=pack200 HTTP/2.0" 200 2242738 "-" "ScannerGradle/2.7-SNAPSHOT/6.8.3"
160.85.254.220 - 1eed50ec9b94a1051961a2ad710a58f85e4e4a82 [20/May/2021:07:23:07 +0000] "GET /api/plugins/download?plugin=scmsvn&acceptCompressions=pack200 HTTP/2.0" 200 7229293 "-" "ScannerGradle/2.7-SNAPSHOT/6.8.3"
160.85.254.220 - 1eed50ec9b94a1051961a2ad710a58f85e4e4a82 [20/May/2021:07:23:08 +0000] "GET /api/plugins/download?plugin=vbnet&acceptCompressions=pack200 HTTP/2.0" 200 3749162 "-" "ScannerGradle/2.7-SNAPSHOT/6.8.3"
160.85.254.220 - 1eed50ec9b94a1051961a2ad710a58f85e4e4a82 [20/May/2021:07:23:08 +0000] "GET /api/settings/values.protobuf?component=ch.zhaw.pm4.loganalyser HTTP/2.0" 200 4716 "-" "ScannerGradle/2.7-SNAPSHOT/6.8.3"
160.85.254.220 - 1eed50ec9b94a1051961a2ad710a58f85e4e4a82 [20/May/2021:07:23:09 +0000] "GET /api/qualityprofiles/search.protobuf?projectKey=ch.zhaw.pm4.loganalyser HTTP/2.0" 200 2018 "-" "ScannerGradle/2.7-SNAPSHOT/6.8.3"
160.85.254.220 - 1eed50ec9b94a1051961a2ad710a58f85e4e4a82 [20/May/2021:07:23:09 +0000] "GET /api/rules/search.protobuf?f=repo,name,severity,lang,internalKey,templateKey,params,actives,createdAt,updatedAt&activation=true&qprofile=AXAU2xTKd2QTuEi0yhS-&ps=500&p=1 HTTP/2.0" 200 5624 "-" "ScannerGradle/2.7-SNAPSHOT/6.8.3"
160.85.254.220 - 1eed50ec9b94a1051961a2ad710a58f85e4e4a82 [20/May/2021:07:23:09 +0000] "GET /api/rules/search.protobuf?f=repo,name,severity,lang,internalKey,templateKey,params,actives,createdAt,updatedAt&activation=true&qprofile=AXAU2xUvd2QTuEi0yhT0&ps=500&p=1 HTTP/2.0" 200 7603 "-" "ScannerGradle/2.7-SNAPSHOT/6.8.3"
160.85.254.220 - 1eed50ec9b94a1051961a2ad710a58f85e4e4a82 [20/May/2021:07:23:09 +0000] "GET /api/rules/search.protobuf?f=repo,name,severity,lang,internalKey,templateKey,params,actives,createdAt,updatedAt&activation=true&qprofile=AXAU2xWKd2QTuEi0yhUT&ps=500&p=1 HTTP/2.0" 200 11 "-" "ScannerGradle/2.7-SNAPSHOT/6.8.3"
160.85.254.220 - 1eed50ec9b94a1051961a2ad710a58f85e4e4a82 [20/May/2021:07:23:09 +0000] "GET /api/rules/search.protobuf?f=repo,name,severity,lang,internalKey,templateKey,params,actives,createdAt,updatedAt&activation=true&qprofile=AXAU2xWZd2QTuEi0yhUy&ps=500&p=1 HTTP/2.0" 200 6187 "-" "ScannerGradle/2.7-SNAPSHOT/6.8.3"
160.85.254.220 - 1eed50ec9b94a1051961a2ad710a58f85e4e4a82 [20/May/2021:07:23:10 +0000] "GET /api/rules/search.protobuf?f=repo,name,severity,lang,internalKey,templateKey,params,actives,createdAt,updatedAt&activation=true&qprofile=AXAU2xXxd2QTuEi0yhVw&ps=500&p=1 HTTP/2.0" 200 8092 "-" "ScannerGradle/2.7-SNAPSHOT/6.8.3"
160.85.254.220 - 1eed50ec9b94a1051961a2ad710a58f85e4e4a82 [20/May/2021:07:23:10 +0000] "GET /api/rules/search.protobuf?f=repo,name,severity,lang,internalKey,templateKey,params,actives,createdAt,updatedAt&activation=true&qprofile=AXAU2xeKd2QTuEi0yhcS&ps=500&p=1 HTTP/2.0" 200 24615 "-" "ScannerGradle/2.7-SNAPSHOT/6.8.3"
160.85.254.220 - 1eed50ec9b94a1051961a2ad710a58f85e4e4a82 [20/May/2021:07:23:10 +0000] "GET /api/rules/search.protobuf?f=repo,name,severity,lang,internalKey,templateKey,params,actives,createdAt,updatedAt&activation=true&qprofile=AXAU2xfzd2QTuEi0yhei&ps=500&p=1 HTTP/2.0" 200 25303 "-" "ScannerGradle/2.7-SNAPSHOT/6.8.3"
160.85.254.220 - 1eed50ec9b94a1051961a2ad710a58f85e4e4a82 [20/May/2021:07:23:11 +0000] "GET /api/rules/search.protobuf?f=repo,name,severity,lang,internalKey,templateKey,params,actives,createdAt,updatedAt&activation=true&qprofile=AXAU2xhId2QTuEi0yhfr&ps=500&p=1 HTTP/2.0" 200 7758 "-" "ScannerGradle/2.7-SNAPSHOT/6.8.3"
160.85.254.220 - 1eed50ec9b94a1051961a2ad710a58f85e4e4a82 [20/May/2021:07:23:11 +0000] "GET /api/rules/search.protobuf?f=repo,name,severity,lang,internalKey,templateKey,params,actives,createdAt,updatedAt&activation=true&qprofile=AXAU2xjcd2QTuEi0yhj0&ps=500&p=1 HTTP/2.0" 200 62813 "-" "ScannerGradle/2.7-SNAPSHOT/6.8.3"
160.85.254.220 - 1eed50ec9b94a1051961a2ad710a58f85e4e4a82 [20/May/2021:07:23:12 +0000] "GET /api/rules/search.protobuf?f=repo,name,severity,lang,internalKey,templateKey,params,actives,createdAt,updatedAt&activation=true&qprofile=AXAU2xoOd2QTuEi0yhtc&ps=500&p=1 HTTP/2.0" 200 92291 "-" "ScannerGradle/2.7-SNAPSHOT/6.8.3"
160.85.254.220 - 1eed50ec9b94a1051961a2ad710a58f85e4e4a82 [20/May/2021:07:23:12 +0000] "GET /api/rules/search.protobuf?f=repo,name,severity,lang,internalKey,templateKey,params,actives,createdAt,updatedAt&activation=true&qprofile=AXAU2xs5d2QTuEi0yhzt&ps=500&p=1 HTTP/2.0" 200 6768 "-" "ScannerGradle/2.7-SNAPSHOT/6.8.3"
160.85.254.220 - 1eed50ec9b94a1051961a2ad710a58f85e4e4a82 [20/May/2021:07:23:13 +0000] "GET /api/rules/search.protobuf?f=repo,name,severity,lang,internalKey,templateKey,params,actives,createdAt,updatedAt&activation=true&qprofile=AXAU2xvid2QTuEi0yh07&ps=500&p=1 HTTP/2.0" 200 12063 "-" "ScannerGradle/2.7-SNAPSHOT/6.8.3"
160.85.254.220 - 1eed50ec9b94a1051961a2ad710a58f85e4e4a82 [20/May/2021:07:23:13 +0000] "GET /api/rules/search.protobuf?f=repo,name,severity,lang,internalKey,templateKey,params,actives,createdAt,updatedAt&activation=true&qprofile=AXAU2xufd2QTuEi0yh0F&ps=500&p=1 HTTP/2.0" 200 906 "-" "ScannerGradle/2.7-SNAPSHOT/6.8.3"
160.85.254.220 - 1eed50ec9b94a1051961a2ad710a58f85e4e4a82 [20/May/2021:07:23:13 +0000] "GET /api/rules/search.protobuf?f=repo,name,severity,lang,internalKey,templateKey,params,actives,createdAt,updatedAt&activation=true&qprofile=AXAU2xxAd2QTuEi0yh3Y&ps=500&p=1 HTTP/2.0" 200 23967 "-" "ScannerGradle/2.7-SNAPSHOT/6.8.3"
160.85.254.220 - 1eed50ec9b94a1051961a2ad710a58f85e4e4a82 [20/May/2021:07:23:13 +0000] "GET /api/rules/search.protobuf?f=repo,name,severity,lang,internalKey,templateKey,params,actives,createdAt,updatedAt&activation=true&qprofile=AXAU2x0gd2QTuEi0yh74&ps=500&p=1 HTTP/2.0" 200 24935 "-" "ScannerGradle/2.7-SNAPSHOT/6.8.3"
160.85.254.220 - 1eed50ec9b94a1051961a2ad710a58f85e4e4a82 [20/May/2021:07:23:14 +0000] "GET /api/rules/search.protobuf?f=repo,name,severity,lang,internalKey,templateKey,params,actives,createdAt,updatedAt&activation=true&qprofile=AXAU2x16d2QTuEi0yh-T&ps=500&p=1 HTTP/2.0" 200 19780 "-" "ScannerGradle/2.7-SNAPSHOT/6.8.3"
160.85.254.220 - 1eed50ec9b94a1051961a2ad710a58f85e4e4a82 [20/May/2021:07:23:14 +0000] "GET /api/metrics/search?f=name,description,direction,qualitative,custom&ps=500&p=1 HTTP/2.0" 200 2745 "-" "ScannerGradle/2.7-SNAPSHOT/6.8.3"
160.85.254.220 - 1eed50ec9b94a1051961a2ad710a58f85e4e4a82 [20/May/2021:07:23:16 +0000] "GET /batch/project.protobuf?key=ch.zhaw.pm4.loganalyser HTTP/2.0" 200 13903 "-" "ScannerGradle/2.7-SNAPSHOT/6.8.3"
160.85.254.220 - 1eed50ec9b94a1051961a2ad710a58f85e4e4a82 [20/May/2021:07:23:21 +0000] "POST /api/ce/submit?projectKey=ch.zhaw.pm4.loganalyser&projectName=LogAnalyser HTTP/2.0" 200 44 "-" "ScannerGradle/2.7-SNAPSHOT/6.8.3"
63.143.42.248 - - [20/May/2021:07:25:30 +0000] "HEAD / HTTP/1.1" 302 0 "https://tautulli.neat.moe" "Mozilla/5.0+(compatible; UptimeRobot/2.0; http://www.uptimerobot.com/)"
63.143.42.248 - - [20/May/2021:07:25:31 +0000] "HEAD /auth/logout?redirect_uri=/ HTTP/1.1" 302 0 "https://tautulli.neat.moe" "Mozilla/5.0+(compatible; UptimeRobot/2.0; http://www.uptimerobot.com/)"
63.143.42.248 - - [20/May/2021:07:25:31 +0000] "HEAD /auth/login?redirect_uri=/ HTTP/1.1" 200 0 "https://tautulli.neat.moe" "Mozilla/5.0+(compatible; UptimeRobot/2.0; http://www.uptimerobot.com/)"
31.10.149.189 - - [20/May/2021:07:27:07 +0000] "GET /api/service/82 HTTP/2.0" 200 210 "http://localhost:8081/" "Mozilla/5.0 (Windows NT 10.0; Win64; x64) AppleWebKit/537.36 (KHTML, like Gecko) Chrome/90.0.4430.212 Safari/537.36"
31.10.149.189 - - [20/May/2021:07:27:08 +0000] "GET /api/config/Nginx HTTP/2.0" 200 1257 "http://localhost:8081/" "Mozilla/5.0 (Windows NT 10.0; Win64; x64) AppleWebKit/537.36 (KHTML, like Gecko) Chrome/90.0.4430.212 Safari/537.36"
137.74.76.181 - - [20/May/2021:07:29:35 +0000] "GET /wp-admin/ HTTP/1.1" 301 194 "-" "Mozilla/4.0 (compatible; MSIE 6.0; Windows NT 5.1; SV1)"
137.74.76.181 - - [20/May/2021:07:29:35 +0000] "GET /wp-admin/ HTTP/1.1" 301 194 "-" "Mozilla/4.0 (compatible; MSIE 6.0; Windows NT 5.1; SV1)"
141.101.76.234 - - [20/May/2021:07:29:37 +0000] "GET /wp-admin/ HTTP/1.1" 404 1045 "-" "Mozilla/4.0 (compatible; MSIE 6.0; Windows NT 5.1; SV1)"
141.101.76.94 - - [20/May/2021:07:29:40 +0000] "GET /wp-admin/ HTTP/1.1" 404 1045 "-" "Mozilla/4.0 (compatible; MSIE 6.0; Windows NT 5.1; SV1)"
31.10.149.189 - - [20/May/2021:07:30:09 +0000] "GET /api/service/82 HTTP/2.0" 200 210 "http://localhost:8081/" "Mozilla/5.0 (Windows NT 10.0; Win64; x64) AppleWebKit/537.36 (KHTML, like Gecko) Chrome/90.0.4430.212 Safari/537.36"
31.10.149.189 - - [20/May/2021:07:30:09 +0000] "GET /api/config/Nginx HTTP/2.0" 200 1257 "http://localhost:8081/" "Mozilla/5.0 (Windows NT 10.0; Win64; x64) AppleWebKit/537.36 (KHTML, like Gecko) Chrome/90.0.4430.212 Safari/537.36"
63.143.42.248 - - [20/May/2021:07:30:30 +0000] "HEAD / HTTP/1.1" 302 0 "https://tautulli.neat.moe" "Mozilla/5.0+(compatible; UptimeRobot/2.0; http://www.uptimerobot.com/)"
63.143.42.248 - - [20/May/2021:07:30:30 +0000] "HEAD /auth/logout?redirect_uri=/ HTTP/1.1" 302 0 "https://tautulli.neat.moe" "Mozilla/5.0+(compatible; UptimeRobot/2.0; http://www.uptimerobot.com/)"
63.143.42.248 - - [20/May/2021:07:30:31 +0000] "HEAD /auth/login?redirect_uri=/ HTTP/1.1" 200 0 "https://tautulli.neat.moe" "Mozilla/5.0+(compatible; UptimeRobot/2.0; http://www.uptimerobot.com/)"
31.10.149.189 - - [20/May/2021:07:31:14 +0000] "GET /api/service/82 HTTP/2.0" 200 210 "http://localhost:8081/" "Mozilla/5.0 (Windows NT 10.0; Win64; x64) AppleWebKit/537.36 (KHTML, like Gecko) Chrome/90.0.4430.212 Safari/537.36"
31.10.149.189 - - [20/May/2021:07:31:14 +0000] "GET /api/config/Nginx HTTP/2.0" 200 1257 "http://localhost:8081/" "Mozilla/5.0 (Windows NT 10.0; Win64; x64) AppleWebKit/537.36 (KHTML, like Gecko) Chrome/90.0.4430.212 Safari/537.36"
31.10.149.189 - - [20/May/2021:07:34:14 +0000] "GET /api/service/82 HTTP/2.0" 200 210 "http://localhost:8081/" "Mozilla/5.0 (Windows NT 10.0; Win64; x64) AppleWebKit/537.36 (KHTML, like Gecko) Chrome/90.0.4430.212 Safari/537.36"
31.10.149.189 - - [20/May/2021:07:34:14 +0000] "GET /api/config/Nginx HTTP/2.0" 200 1257 "http://localhost:8081/" "Mozilla/5.0 (Windows NT 10.0; Win64; x64) AppleWebKit/537.36 (KHTML, like Gecko) Chrome/90.0.4430.212 Safari/537.36"
63.143.42.248 - - [20/May/2021:07:35:30 +0000] "HEAD / HTTP/1.1" 302 0 "https://tautulli.neat.moe" "Mozilla/5.0+(compatible; UptimeRobot/2.0; http://www.uptimerobot.com/)"
63.143.42.248 - - [20/May/2021:07:35:30 +0000] "HEAD /auth/logout?redirect_uri=/ HTTP/1.1" 302 0 "https://tautulli.neat.moe" "Mozilla/5.0+(compatible; UptimeRobot/2.0; http://www.uptimerobot.com/)"
63.143.42.248 - - [20/May/2021:07:35:31 +0000] "HEAD /auth/login?redirect_uri=/ HTTP/1.1" 200 0 "https://tautulli.neat.moe" "Mozilla/5.0+(compatible; UptimeRobot/2.0; http://www.uptimerobot.com/)"
45.155.205.196 - - [20/May/2021:07:35:37 +0000] "POST /api/jsonws/invoke HTTP/1.1" 301 194 "-" "Mozilla/5.0 (Windows NT 10.0; Win64; x64) AppleWebKit/537.36 (KHTML, like Gecko) Chrome/78.0.3904.108 Safari/537.36"
45.155.205.196 - - [20/May/2021:07:35:37 +0000] "POST /vendor/phpunit/phpunit/src/Util/PHP/eval-stdin.php HTTP/1.1" 301 194 "-" "Mozilla/5.0 (Windows NT 10.0; Win64; x64) AppleWebKit/537.36 (KHTML, like Gecko) Chrome/78.0.3904.108 Safari/537.36"
45.155.205.196 - - [20/May/2021:07:35:37 +0000] "GET /solr/admin/info/system?wt=json HTTP/1.1" 301 194 "-" "Mozilla/5.0 (Windows NT 10.0; Win64; x64) AppleWebKit/537.36 (KHTML, like Gecko) Chrome/78.0.3904.108 Safari/537.36"
45.155.205.196 - - [20/May/2021:07:35:37 +0000] "GET /vendor/phpunit/phpunit/src/Util/PHP/eval-stdin.php HTTP/1.1" 301 194 "-" "Mozilla/5.0 (Windows NT 10.0; Win64; x64) AppleWebKit/537.36 (KHTML, like Gecko) Chrome/78.0.3904.108 Safari/537.36"
45.155.205.196 - - [20/May/2021:07:35:37 +0000] "GET /index.php?s=/Index/\x5Cthink\x5Capp/invokefunction&function=call_user_func_array&vars[0]=md5&vars[1][]=HelloThinkPHP21 HTTP/1.1" 301 194 "-" "Mozilla/5.0 (Windows NT 10.0; Win64; x64) AppleWebKit/537.36 (KHTML, like Gecko) Chrome/78.0.3904.108 Safari/537.36"
45.155.205.196 - - [20/May/2021:07:35:37 +0000] "GET /?a=fetch&content=<php>die(@md5(HelloThinkCMF))</php> HTTP/1.1" 301 194 "-" "Mozilla/5.0 (Windows NT 10.0; Win64; x64) AppleWebKit/537.36 (KHTML, like Gecko) Chrome/78.0.3904.108 Safari/537.36"
45.155.205.196 - - [20/May/2021:07:35:37 +0000] "GET /?XDEBUG_SESSION_START=phpstorm HTTP/1.1" 301 194 "-" "Mozilla/5.0 (Windows NT 10.0; Win64; x64) AppleWebKit/537.36 (KHTML, like Gecko) Chrome/78.0.3904.108 Safari/537.36"
45.155.205.196 - - [20/May/2021:07:35:37 +0000] "GET /wp-content/plugins/wp-file-manager/readme.txt HTTP/1.1" 301 194 "-" "Mozilla/5.0 (Windows NT 10.0; Win64; x64) AppleWebKit/537.36 (KHTML, like Gecko) Chrome/78.0.3904.108 Safari/537.36"
45.155.205.196 - - [20/May/2021:07:35:37 +0000] "GET /console/ HTTP/1.1" 301 194 "-" "Mozilla/5.0 (Windows NT 10.0; Win64; x64) AppleWebKit/537.36 (KHTML, like Gecko) Chrome/78.0.3904.108 Safari/537.36"
45.155.205.196 - - [20/May/2021:07:35:37 +0000] "GET /_ignition/execute-solution HTTP/1.1" 301 194 "-" "Mozilla/5.0 (Windows NT 10.0; Win64; x64) AppleWebKit/537.36 (KHTML, like Gecko) Chrome/78.0.3904.108 Safari/537.36"
45.155.205.196 - - [20/May/2021:07:35:37 +0000] "POST /Autodiscover/Autodiscover.xml HTTP/1.1" 301 194 "-" "Mozilla/5.0 (Windows NT 10.0; Win64; x64) AppleWebKit/537.36 (KHTML, like Gecko) Chrome/78.0.3904.108 Safari/537.36"
162.158.183.105 - - [20/May/2021:07:35:38 +0000] "GET /api/jsonws/invoke HTTP/1.1" 404 1045 "http://163.172.141.195:80/api/jsonws/invoke" "Mozilla/5.0 (Windows NT 10.0; Win64; x64) AppleWebKit/537.36 (KHTML, like Gecko) Chrome/78.0.3904.108 Safari/537.36"
162.158.183.179 - - [20/May/2021:07:35:38 +0000] "GET /vendor/phpunit/phpunit/src/Util/PHP/eval-stdin.php HTTP/1.1" 404 1045 "http://163.172.141.195:80/vendor/phpunit/phpunit/src/Util/PHP/eval-stdin.php" "Mozilla/5.0 (Windows NT 10.0; Win64; x64) AppleWebKit/537.36 (KHTML, like Gecko) Chrome/78.0.3904.108 Safari/537.36"
162.158.183.103 - - [20/May/2021:07:35:38 +0000] "GET /vendor/phpunit/phpunit/src/Util/PHP/eval-stdin.php HTTP/1.1" 404 1045 "http://163.172.141.195:80/vendor/phpunit/phpunit/src/Util/PHP/eval-stdin.php" "Mozilla/5.0 (Windows NT 10.0; Win64; x64) AppleWebKit/537.36 (KHTML, like Gecko) Chrome/78.0.3904.108 Safari/537.36"
162.158.183.179 - - [20/May/2021:07:35:38 +0000] "GET /solr/admin/info/system?wt=json HTTP/1.1" 404 1045 "http://163.172.141.195:80/solr/admin/info/system?wt=json" "Mozilla/5.0 (Windows NT 10.0; Win64; x64) AppleWebKit/537.36 (KHTML, like Gecko) Chrome/78.0.3904.108 Safari/537.36"
162.158.183.179 - - [20/May/2021:07:35:39 +0000] "GET /?a=fetch&content=<php>die(@md5(HelloThinkCMF))</php> HTTP/1.1" 200 1446 "http://163.172.141.195:80/?a=fetch&content=<php>die(@md5(HelloThinkCMF))</php>" "Mozilla/5.0 (Windows NT 10.0; Win64; x64) AppleWebKit/537.36 (KHTML, like Gecko) Chrome/78.0.3904.108 Safari/537.36"
162.158.183.179 - - [20/May/2021:07:35:40 +0000] "GET /index.php?s=/Index/\x5Cthink\x5Capp/invokefunction&function=call_user_func_array&vars[0]=md5&vars[1][]=HelloThinkPHP21 HTTP/1.1" 404 1045 "http://163.172.141.195:80/index.php?s=/Index/\x5Cthink\x5Capp/invokefunction&function=call_user_func_array&vars[0]=md5&vars[1][]=HelloThinkPHP21" "Mozilla/5.0 (Windows NT 10.0; Win64; x64) AppleWebKit/537.36 (KHTML, like Gecko) Chrome/78.0.3904.108 Safari/537.36"
162.158.183.231 - - [20/May/2021:07:35:40 +0000] "GET /?XDEBUG_SESSION_START=phpstorm HTTP/1.1" 200 1446 "http://163.172.141.195:80/?XDEBUG_SESSION_START=phpstorm" "Mozilla/5.0 (Windows NT 10.0; Win64; x64) AppleWebKit/537.36 (KHTML, like Gecko) Chrome/78.0.3904.108 Safari/537.36"
162.158.183.179 - - [20/May/2021:07:35:41 +0000] "GET /wp-content/plugins/wp-file-manager/readme.txt HTTP/1.1" 404 1045 "http://163.172.141.195:80/wp-content/plugins/wp-file-manager/readme.txt" "Mozilla/5.0 (Windows NT 10.0; Win64; x64) AppleWebKit/537.36 (KHTML, like Gecko) Chrome/78.0.3904.108 Safari/537.36"
162.158.183.105 - - [20/May/2021:07:35:41 +0000] "GET /console/ HTTP/1.1" 404 1045 "http://163.172.141.195:80/console/" "Mozilla/5.0 (Windows NT 10.0; Win64; x64) AppleWebKit/537.36 (KHTML, like Gecko) Chrome/78.0.3904.108 Safari/537.36"
162.158.183.105 - - [20/May/2021:07:35:42 +0000] "GET /Autodiscover/Autodiscover.xml HTTP/1.1" 404 1045 "http://163.172.141.195:80/Autodiscover/Autodiscover.xml" "Mozilla/5.0 (Windows NT 10.0; Win64; x64) AppleWebKit/537.36 (KHTML, like Gecko) Chrome/78.0.3904.108 Safari/537.36"
162.158.183.179 - - [20/May/2021:07:35:42 +0000] "GET /_ignition/execute-solution HTTP/1.1" 404 1045 "http://163.172.141.195:80/_ignition/execute-solution" "Mozilla/5.0 (Windows NT 10.0; Win64; x64) AppleWebKit/537.36 (KHTML, like Gecko) Chrome/78.0.3904.108 Safari/537.36"
31.10.149.189 - - [20/May/2021:07:40:05 +0000] "GET /api/service/82 HTTP/2.0" 200 210 "http://localhost:8081/" "Mozilla/5.0 (Windows NT 10.0; Win64; x64) AppleWebKit/537.36 (KHTML, like Gecko) Chrome/90.0.4430.212 Safari/537.36"
31.10.149.189 - - [20/May/2021:07:40:05 +0000] "GET /api/config/Nginx HTTP/2.0" 200 1257 "http://localhost:8081/" "Mozilla/5.0 (Windows NT 10.0; Win64; x64) AppleWebKit/537.36 (KHTML, like Gecko) Chrome/90.0.4430.212 Safari/537.36"
63.143.42.248 - - [20/May/2021:07:40:30 +0000] "HEAD / HTTP/1.1" 302 0 "https://tautulli.neat.moe" "Mozilla/5.0+(compatible; UptimeRobot/2.0; http://www.uptimerobot.com/)"
63.143.42.248 - - [20/May/2021:07:40:30 +0000] "HEAD /auth/logout?redirect_uri=/ HTTP/1.1" 302 0 "https://tautulli.neat.moe" "Mozilla/5.0+(compatible; UptimeRobot/2.0; http://www.uptimerobot.com/)"
63.143.42.248 - - [20/May/2021:07:40:31 +0000] "HEAD /auth/login?redirect_uri=/ HTTP/1.1" 200 0 "https://tautulli.neat.moe" "Mozilla/5.0+(compatible; UptimeRobot/2.0; http://www.uptimerobot.com/)"
63.143.42.248 - - [20/May/2021:07:45:30 +0000] "HEAD / HTTP/1.1" 302 0 "https://tautulli.neat.moe" "Mozilla/5.0+(compatible; UptimeRobot/2.0; http://www.uptimerobot.com/)"
63.143.42.248 - - [20/May/2021:07:45:30 +0000] "HEAD /auth/logout?redirect_uri=/ HTTP/1.1" 302 0 "https://tautulli.neat.moe" "Mozilla/5.0+(compatible; UptimeRobot/2.0; http://www.uptimerobot.com/)"
63.143.42.248 - - [20/May/2021:07:45:31 +0000] "HEAD /auth/login?redirect_uri=/ HTTP/1.1" 200 0 "https://tautulli.neat.moe" "Mozilla/5.0+(compatible; UptimeRobot/2.0; http://www.uptimerobot.com/)"
63.143.42.248 - - [20/May/2021:07:50:30 +0000] "HEAD / HTTP/1.1" 302 0 "https://tautulli.neat.moe" "Mozilla/5.0+(compatible; UptimeRobot/2.0; http://www.uptimerobot.com/)"
63.143.42.248 - - [20/May/2021:07:50:30 +0000] "HEAD /auth/logout?redirect_uri=/ HTTP/1.1" 302 0 "https://tautulli.neat.moe" "Mozilla/5.0+(compatible; UptimeRobot/2.0; http://www.uptimerobot.com/)"
63.143.42.248 - - [20/May/2021:07:50:31 +0000] "HEAD /auth/login?redirect_uri=/ HTTP/1.1" 200 0 "https://tautulli.neat.moe" "Mozilla/5.0+(compatible; UptimeRobot/2.0; http://www.uptimerobot.com/)"
104.248.138.189 - - [20/May/2021:07:50:41 +0000] "POST /_ignition/execute-solution HTTP/1.1" 301 194 "-" "Mozilla/5.0 (Macintosh; Intel Mac OS X 10.14; rv:78.0) Gecko/20100101 Firefox/78.0"
162.158.92.64 - - [20/May/2021:07:50:41 +0000] "GET /_ignition/execute-solution HTTP/1.1" 404 1045 "http://163.172.141.195:80/_ignition/execute-solution" "Mozilla/5.0 (Macintosh; Intel Mac OS X 10.14; rv:78.0) Gecko/20100101 Firefox/78.0"
104.248.138.189 - - [20/May/2021:07:50:41 +0000] "POST /vendor/phpunit/phpunit/src/Util/PHP/eval-stdin.php HTTP/1.1" 301 194 "-" "Mozilla/5.0 (Macintosh; Intel Mac OS X 10.14; rv:78.0) Gecko/20100101 Firefox/78.0"
162.158.88.202 - - [20/May/2021:07:50:41 +0000] "GET /vendor/phpunit/phpunit/src/Util/PHP/eval-stdin.php HTTP/1.1" 404 1045 "http://163.172.141.195:80/vendor/phpunit/phpunit/src/Util/PHP/eval-stdin.php" "Mozilla/5.0 (Macintosh; Intel Mac OS X 10.14; rv:78.0) Gecko/20100101 Firefox/78.0"
104.248.138.189 - - [20/May/2021:07:50:41 +0000] "GET /login HTTP/1.1" 301 194 "-" "Mozilla/5.0 (Macintosh; Intel Mac OS X 10.14; rv:78.0) Gecko/20100101 Firefox/78.0"
162.158.91.203 - - [20/May/2021:07:50:41 +0000] "GET /login HTTP/1.1" 404 1045 "http://163.172.141.195:80/login" "Mozilla/5.0 (Macintosh; Intel Mac OS X 10.14; rv:78.0) Gecko/20100101 Firefox/78.0"
104.248.138.189 - - [20/May/2021:07:50:41 +0000] "GET /jenkins/login HTTP/1.1" 301 194 "-" "Mozilla/5.0 (Macintosh; Intel Mac OS X 10.14; rv:78.0) Gecko/20100101 Firefox/78.0"
162.158.91.203 - - [20/May/2021:07:50:41 +0000] "GET /jenkins/login HTTP/1.1" 404 1045 "http://163.172.141.195:80/jenkins/login" "Mozilla/5.0 (Macintosh; Intel Mac OS X 10.14; rv:78.0) Gecko/20100101 Firefox/78.0"
104.248.138.189 - - [20/May/2021:07:50:41 +0000] "GET /manager/html HTTP/1.1" 301 194 "-" "Mozilla/5.0 (Macintosh; Intel Mac OS X 10.14; rv:78.0) Gecko/20100101 Firefox/78.0"
162.158.93.225 - - [20/May/2021:07:50:41 +0000] "GET /manager/html HTTP/1.1" 404 1045 "http://163.172.141.195:80/manager/html" "Mozilla/5.0 (Macintosh; Intel Mac OS X 10.14; rv:78.0) Gecko/20100101 Firefox/78.0"
104.248.138.189 - - [20/May/2021:07:50:41 +0000] "GET /wp-login.php HTTP/1.1" 301 194 "-" "Mozilla/5.0 (Macintosh; Intel Mac OS X 10.14; rv:78.0) Gecko/20100101 Firefox/78.0"
162.158.88.184 - - [20/May/2021:07:50:41 +0000] "GET /wp-login.php HTTP/1.1" 404 1045 "http://163.172.141.195:80/wp-login.php" "Mozilla/5.0 (Macintosh; Intel Mac OS X 10.14; rv:78.0) Gecko/20100101 Firefox/78.0"
104.248.138.189 - - [20/May/2021:07:50:42 +0000] "GET /?s=/Index/\x5Cthink\x5Capp/invokefunction&function=call_user_func_array&vars[0]=md5&vars[1][]=__HelloThinkPHP HTTP/1.1" 301 194 "-" "Mozilla/5.0 (Macintosh; Intel Mac OS X 10.14; rv:78.0) Gecko/20100101 Firefox/78.0"
162.158.88.184 - - [20/May/2021:07:50:42 +0000] "GET /?s=/Index/\x5Cthink\x5Capp/invokefunction&function=call_user_func_array&vars[0]=md5&vars[1][]=__HelloThinkPHP HTTP/1.1" 200 1446 "http://163.172.141.195:80/?s=/Index/\x5Cthink\x5Capp/invokefunction&function=call_user_func_array&vars[0]=md5&vars[1][]=__HelloThinkPHP" "Mozilla/5.0 (Macintosh; Intel Mac OS X 10.14; rv:78.0) Gecko/20100101 Firefox/78.0"
63.143.42.248 - - [20/May/2021:07:55:30 +0000] "HEAD / HTTP/1.1" 302 0 "https://tautulli.neat.moe" "Mozilla/5.0+(compatible; UptimeRobot/2.0; http://www.uptimerobot.com/)"
63.143.42.248 - - [20/May/2021:07:55:30 +0000] "HEAD /auth/logout?redirect_uri=/ HTTP/1.1" 302 0 "https://tautulli.neat.moe" "Mozilla/5.0+(compatible; UptimeRobot/2.0; http://www.uptimerobot.com/)"
63.143.42.248 - - [20/May/2021:07:55:31 +0000] "HEAD /auth/login?redirect_uri=/ HTTP/1.1" 200 0 "https://tautulli.neat.moe" "Mozilla/5.0+(compatible; UptimeRobot/2.0; http://www.uptimerobot.com/)"
54.176.188.51 - - [20/May/2021:08:00:27 +0000] "GET / HTTP/1.1" 301 194 "-" "Mozilla/5.0 (Macintosh; Intel Mac OS X 10_9_2) AppleWebKit/537.36 (KHTML, like Gecko) Chrome/36.0.1944.0 Safari/537.36"
172.68.132.121 - - [20/May/2021:08:00:28 +0000] "GET / HTTP/1.1" 200 1446 "-" "Mozilla/5.0 (Macintosh; Intel Mac OS X 10_9_2) AppleWebKit/537.36 (KHTML, like Gecko) Chrome/36.0.1944.0 Safari/537.36"
54.176.188.51 - - [20/May/2021:08:00:29 +0000] "GET /wp-login.php HTTP/1.1" 301 194 "-" "Mozilla/5.0 (Macintosh; Intel Mac OS X 10_9_2) AppleWebKit/537.36 (KHTML, like Gecko) Chrome/36.0.1944.0 Safari/537.36"
172.69.23.73 - - [20/May/2021:08:00:29 +0000] "GET /wp-login.php HTTP/1.1" 404 1045 "-" "Mozilla/5.0 (Macintosh; Intel Mac OS X 10_9_2) AppleWebKit/537.36 (KHTML, like Gecko) Chrome/36.0.1944.0 Safari/537.36"
54.176.188.51 - - [20/May/2021:08:00:30 +0000] "GET /wp-login.php HTTP/1.1" 301 194 "-" "Mozilla/5.0 (Macintosh; Intel Mac OS X 10_9_2) AppleWebKit/537.36 (KHTML, like Gecko) Chrome/36.0.1944.0 Safari/537.36"
63.143.42.248 - - [20/May/2021:08:00:30 +0000] "HEAD / HTTP/1.1" 302 0 "https://tautulli.neat.moe" "Mozilla/5.0+(compatible; UptimeRobot/2.0; http://www.uptimerobot.com/)"
63.143.42.248 - - [20/May/2021:08:00:30 +0000] "HEAD /auth/logout?redirect_uri=/ HTTP/1.1" 302 0 "https://tautulli.neat.moe" "Mozilla/5.0+(compatible; UptimeRobot/2.0; http://www.uptimerobot.com/)"
63.143.42.248 - - [20/May/2021:08:00:31 +0000] "HEAD /auth/login?redirect_uri=/ HTTP/1.1" 200 0 "https://tautulli.neat.moe" "Mozilla/5.0+(compatible; UptimeRobot/2.0; http://www.uptimerobot.com/)"
172.69.23.43 - - [20/May/2021:08:00:31 +0000] "GET /wp-login.php HTTP/1.1" 404 1045 "-" "Mozilla/5.0 (Macintosh; Intel Mac OS X 10_9_2) AppleWebKit/537.36 (KHTML, like Gecko) Chrome/36.0.1944.0 Safari/537.36"
54.176.188.51 - - [20/May/2021:08:00:32 +0000] "GET /wordpress/wp-login.php HTTP/1.1" 301 194 "-" "Mozilla/5.0 (Macintosh; Intel Mac OS X 10_9_2) AppleWebKit/537.36 (KHTML, like Gecko) Chrome/36.0.1944.0 Safari/537.36"
162.158.255.160 - - [20/May/2021:08:00:33 +0000] "GET /wordpress/wp-login.php HTTP/1.1" 404 1045 "-" "Mozilla/5.0 (Macintosh; Intel Mac OS X 10_9_2) AppleWebKit/537.36 (KHTML, like Gecko) Chrome/36.0.1944.0 Safari/537.36"
54.176.188.51 - - [20/May/2021:08:00:33 +0000] "GET /blog/wp-login.php HTTP/1.1" 301 194 "-" "Mozilla/5.0 (Macintosh; Intel Mac OS X 10_9_2) AppleWebKit/537.36 (KHTML, like Gecko) Chrome/36.0.1944.0 Safari/537.36"
172.68.132.113 - - [20/May/2021:08:00:34 +0000] "GET /blog/wp-login.php HTTP/1.1" 404 1045 "-" "Mozilla/5.0 (Macintosh; Intel Mac OS X 10_9_2) AppleWebKit/537.36 (KHTML, like Gecko) Chrome/36.0.1944.0 Safari/537.36"
54.176.188.51 - - [20/May/2021:08:00:34 +0000] "GET /wp/wp-login.php HTTP/1.1" 301 194 "-" "Mozilla/5.0 (Macintosh; Intel Mac OS X 10_9_2) AppleWebKit/537.36 (KHTML, like Gecko) Chrome/36.0.1944.0 Safari/537.36"
172.68.189.113 - - [20/May/2021:08:00:35 +0000] "GET /wp/wp-login.php HTTP/1.1" 404 1045 "-" "Mozilla/5.0 (Macintosh; Intel Mac OS X 10_9_2) AppleWebKit/537.36 (KHTML, like Gecko) Chrome/36.0.1944.0 Safari/537.36"
185.45.237.124 - - [20/May/2021:08:01:13 +0000] "GET /api/service/all HTTP/2.0" 200 770 "http://localhost:8081/" "Mozilla/5.0 (Windows NT 10.0; Win64; x64) AppleWebKit/537.36 (KHTML, like Gecko) Chrome/90.0.4430.212 Safari/537.36"
185.45.237.124 - - [20/May/2021:08:01:13 +0000] "GET /api/config HTTP/2.0" 200 2848 "http://localhost:8081/" "Mozilla/5.0 (Windows NT 10.0; Win64; x64) AppleWebKit/537.36 (KHTML, like Gecko) Chrome/90.0.4430.212 Safari/537.36"
185.45.237.124 - - [20/May/2021:08:01:13 +0000] "GET /api/config HTTP/2.0" 200 2848 "http://localhost:8081/" "Mozilla/5.0 (Windows NT 10.0; Win64; x64) AppleWebKit/537.36 (KHTML, like Gecko) Chrome/90.0.4430.212 Safari/537.36"
185.45.237.124 - - [20/May/2021:08:01:13 +0000] "GET /api/config HTTP/2.0" 200 2848 "http://localhost:8081/" "Mozilla/5.0 (Windows NT 10.0; Win64; x64) AppleWebKit/537.36 (KHTML, like Gecko) Chrome/90.0.4430.212 Safari/537.36"
185.45.237.124 - - [20/May/2021:08:01:13 +0000] "GET /api/config HTTP/2.0" 200 2848 "http://localhost:8081/" "Mozilla/5.0 (Windows NT 10.0; Win64; x64) AppleWebKit/537.36 (KHTML, like Gecko) Chrome/90.0.4430.212 Safari/537.36"
185.45.237.124 - - [20/May/2021:08:01:13 +0000] "GET /api/config HTTP/2.0" 200 2848 "http://localhost:8081/" "Mozilla/5.0 (Windows NT 10.0; Win64; x64) AppleWebKit/537.36 (KHTML, like Gecko) Chrome/90.0.4430.212 Safari/537.36"
185.45.237.124 - - [20/May/2021:08:01:15 +0000] "GET /api/service/all HTTP/2.0" 200 770 "http://localhost:8081/" "Mozilla/5.0 (Windows NT 10.0; Win64; x64) AppleWebKit/537.36 (KHTML, like Gecko) Chrome/90.0.4430.212 Safari/537.36"
185.45.237.124 - - [20/May/2021:08:01:15 +0000] "GET /api/config/Apache HTTP/2.0" 200 346 "http://localhost:8081/" "Mozilla/5.0 (Windows NT 10.0; Win64; x64) AppleWebKit/537.36 (KHTML, like Gecko) Chrome/90.0.4430.212 Safari/537.36"
185.45.237.124 - - [20/May/2021:08:01:17 +0000] "GET /api/service/all HTTP/2.0" 200 770 "http://localhost:8081/" "Mozilla/5.0 (Windows NT 10.0; Win64; x64) AppleWebKit/537.36 (KHTML, like Gecko) Chrome/90.0.4430.212 Safari/537.36"
185.45.237.124 - - [20/May/2021:08:01:17 +0000] "GET /api/config HTTP/2.0" 200 2848 "http://localhost:8081/" "Mozilla/5.0 (Windows NT 10.0; Win64; x64) AppleWebKit/537.36 (KHTML, like Gecko) Chrome/90.0.4430.212 Safari/537.36"
185.45.237.124 - - [20/May/2021:08:01:17 +0000] "GET /api/config HTTP/2.0" 200 2848 "http://localhost:8081/" "Mozilla/5.0 (Windows NT 10.0; Win64; x64) AppleWebKit/537.36 (KHTML, like Gecko) Chrome/90.0.4430.212 Safari/537.36"
185.45.237.124 - - [20/May/2021:08:01:17 +0000] "GET /api/config HTTP/2.0" 200 2848 "http://localhost:8081/" "Mozilla/5.0 (Windows NT 10.0; Win64; x64) AppleWebKit/537.36 (KHTML, like Gecko) Chrome/90.0.4430.212 Safari/537.36"
185.45.237.124 - - [20/May/2021:08:01:17 +0000] "GET /api/config HTTP/2.0" 200 2848 "http://localhost:8081/" "Mozilla/5.0 (Windows NT 10.0; Win64; x64) AppleWebKit/537.36 (KHTML, like Gecko) Chrome/90.0.4430.212 Safari/537.36"
185.45.237.124 - - [20/May/2021:08:01:17 +0000] "GET /api/config HTTP/2.0" 200 2848 "http://localhost:8081/" "Mozilla/5.0 (Windows NT 10.0; Win64; x64) AppleWebKit/537.36 (KHTML, like Gecko) Chrome/90.0.4430.212 Safari/537.36"
185.45.237.124 - - [20/May/2021:08:01:18 +0000] "GET /api/service/all HTTP/2.0" 200 770 "http://localhost:8081/" "Mozilla/5.0 (Windows NT 10.0; Win64; x64) AppleWebKit/537.36 (KHTML, like Gecko) Chrome/90.0.4430.212 Safari/537.36"
185.45.237.124 - - [20/May/2021:08:01:18 +0000] "GET /api/config/Nginx HTTP/2.0" 200 1257 "http://localhost:8081/" "Mozilla/5.0 (Windows NT 10.0; Win64; x64) AppleWebKit/537.36 (KHTML, like Gecko) Chrome/90.0.4430.212 Safari/537.36"
185.45.237.124 - - [20/May/2021:08:01:22 +0000] "OPTIONS /api/query/82 HTTP/2.0" 200 0 "http://localhost:8081/" "Mozilla/5.0 (Windows NT 10.0; Win64; x64) AppleWebKit/537.36 (KHTML, like Gecko) Chrome/90.0.4430.212 Safari/537.36"
185.45.237.124 - - [20/May/2021:08:01:22 +0000] "POST /api/query/82 HTTP/2.0" 200 4585 "http://localhost:8081/" "Mozilla/5.0 (Windows NT 10.0; Win64; x64) AppleWebKit/537.36 (KHTML, like Gecko) Chrome/90.0.4430.212 Safari/537.36"
185.45.237.124 - - [20/May/2021:08:01:28 +0000] "POST /api/query/82 HTTP/2.0" 200 4585 "http://localhost:8081/" "Mozilla/5.0 (Windows NT 10.0; Win64; x64) AppleWebKit/537.36 (KHTML, like Gecko) Chrome/90.0.4430.212 Safari/537.36"
31.10.149.189 - - [20/May/2021:08:03:13 +0000] "GET /api/service/82 HTTP/2.0" 200 210 "http://localhost:8081/" "Mozilla/5.0 (Windows NT 10.0; Win64; x64) AppleWebKit/537.36 (KHTML, like Gecko) Chrome/90.0.4430.212 Safari/537.36"
31.10.149.189 - - [20/May/2021:08:03:13 +0000] "GET /api/config/Nginx HTTP/2.0" 200 1257 "http://localhost:8081/" "Mozilla/5.0 (Windows NT 10.0; Win64; x64) AppleWebKit/537.36 (KHTML, like Gecko) Chrome/90.0.4430.212 Safari/537.36"
63.143.42.248 - - [20/May/2021:08:05:30 +0000] "HEAD / HTTP/1.1" 302 0 "https://tautulli.neat.moe" "Mozilla/5.0+(compatible; UptimeRobot/2.0; http://www.uptimerobot.com/)"
63.143.42.248 - - [20/May/2021:08:05:30 +0000] "HEAD /auth/logout?redirect_uri=/ HTTP/1.1" 302 0 "https://tautulli.neat.moe" "Mozilla/5.0+(compatible; UptimeRobot/2.0; http://www.uptimerobot.com/)"
63.143.42.248 - - [20/May/2021:08:05:31 +0000] "HEAD /auth/login?redirect_uri=/ HTTP/1.1" 200 0 "https://tautulli.neat.moe" "Mozilla/5.0+(compatible; UptimeRobot/2.0; http://www.uptimerobot.com/)"
185.45.237.124 - - [20/May/2021:08:07:00 +0000] "POST /api/query/82 HTTP/2.0" 400 95 "http://localhost:8081/" "Mozilla/5.0 (Windows NT 10.0; Win64; x64) AppleWebKit/537.36 (KHTML, like Gecko) Chrome/90.0.4430.212 Safari/537.36"
63.143.42.248 - - [20/May/2021:08:10:30 +0000] "HEAD / HTTP/1.1" 302 0 "https://tautulli.neat.moe" "Mozilla/5.0+(compatible; UptimeRobot/2.0; http://www.uptimerobot.com/)"
63.143.42.248 - - [20/May/2021:08:10:30 +0000] "HEAD /auth/logout?redirect_uri=/ HTTP/1.1" 302 0 "https://tautulli.neat.moe" "Mozilla/5.0+(compatible; UptimeRobot/2.0; http://www.uptimerobot.com/)"
63.143.42.248 - - [20/May/2021:08:10:31 +0000] "HEAD /auth/login?redirect_uri=/ HTTP/1.1" 200 0 "https://tautulli.neat.moe" "Mozilla/5.0+(compatible; UptimeRobot/2.0; http://www.uptimerobot.com/)"
31.10.149.189 - - [20/May/2021:08:11:05 +0000] "GET /api/service/82 HTTP/2.0" 200 210 "http://localhost:8081/" "Mozilla/5.0 (Windows NT 10.0; Win64; x64) AppleWebKit/537.36 (KHTML, like Gecko) Chrome/90.0.4430.212 Safari/537.36"
31.10.149.189 - - [20/May/2021:08:11:05 +0000] "GET /api/config/Nginx HTTP/2.0" 200 1257 "http://localhost:8081/" "Mozilla/5.0 (Windows NT 10.0; Win64; x64) AppleWebKit/537.36 (KHTML, like Gecko) Chrome/90.0.4430.212 Safari/537.36"
172.68.143.110 - - [20/May/2021:08:15:00 +0000] "GET / HTTP/2.0" 200 1434 "-" "Mozilla/5.0 (X11; Linux x86_64) AppleWebKit/537.36 (KHTML, like Gecko) Chrome/83.0.4103.97 Safari/537.36"
172.68.143.112 - - [20/May/2021:08:15:26 +0000] "GET /favicon.ico HTTP/1.1" 404 1045 "http://neat.moe/favicon.ico" "Mozilla/5.0 (X11; Linux x86_64) AppleWebKit/537.36 (KHTML, like Gecko) Chrome/83.0.4103.97 Safari/537.36"
162.158.255.134 - - [20/May/2021:08:15:27 +0000] "GET / HTTP/1.1" 200 1446 "http://neat.moe" "Mozilla/5.0 (X11; Linux x86_64) AppleWebKit/537.36 (KHTML, like Gecko) Chrome/83.0.4103.97 Safari/537.36"
63.143.42.248 - - [20/May/2021:08:15:30 +0000] "HEAD / HTTP/1.1" 302 0 "https://tautulli.neat.moe" "Mozilla/5.0+(compatible; UptimeRobot/2.0; http://www.uptimerobot.com/)"
63.143.42.248 - - [20/May/2021:08:15:30 +0000] "HEAD /auth/logout?redirect_uri=/ HTTP/1.1" 302 0 "https://tautulli.neat.moe" "Mozilla/5.0+(compatible; UptimeRobot/2.0; http://www.uptimerobot.com/)"
63.143.42.248 - - [20/May/2021:08:15:31 +0000] "HEAD /auth/login?redirect_uri=/ HTTP/1.1" 200 0 "https://tautulli.neat.moe" "Mozilla/5.0+(compatible; UptimeRobot/2.0; http://www.uptimerobot.com/)"
172.69.22.240 - - [20/May/2021:08:17:40 +0000] "GET / HTTP/1.1" 200 1446 "-" "Mozilla/5.0 (X11; Linux x86_64) AppleWebKit/537.36 (KHTML, like Gecko) Chrome/83.0.4103.97 Safari/537.36"
172.68.189.207 - - [20/May/2021:08:17:54 +0000] "GET / HTTP/2.0" 200 1434 "-" "Mozilla/5.0 (X11; Linux x86_64) AppleWebKit/537.36 (KHTML, like Gecko) Chrome/83.0.4103.97 Safari/537.36"
3.8.12.221 - - [20/May/2021:08:18:37 +0000] "GET / HTTP/1.1" 301 194 "-" "Mozilla/5.0 (Windows NT 6.1; WOW64) AppleWebKit/537.36 (KHTML, like Gecko) Chrome/29.0.1547.62 Safari/537.36"
3.8.12.221 - - [20/May/2021:08:18:37 +0000] "GET / HTTP/2.0" 502 584 "-" "Mozilla/5.0 (Windows NT 6.1; WOW64) AppleWebKit/537.36 (KHTML, like Gecko) Chrome/29.0.1547.62 Safari/537.36"
3.8.12.221 - - [20/May/2021:08:18:37 +0000] "GET /wp-login.php HTTP/1.1" 301 194 "-" "Mozilla/5.0 (Windows NT 6.1; WOW64) AppleWebKit/537.36 (KHTML, like Gecko) Chrome/29.0.1547.62 Safari/537.36"
3.8.12.221 - - [20/May/2021:08:18:38 +0000] "GET /wp-login.php HTTP/2.0" 502 584 "-" "Mozilla/5.0 (Windows NT 6.1; WOW64) AppleWebKit/537.36 (KHTML, like Gecko) Chrome/29.0.1547.62 Safari/537.36"
3.8.12.221 - - [20/May/2021:08:18:38 +0000] "GET /wp-login.php HTTP/1.1" 301 194 "-" "Mozilla/5.0 (Windows NT 6.1; WOW64) AppleWebKit/537.36 (KHTML, like Gecko) Chrome/29.0.1547.62 Safari/537.36"
162.158.155.36 - - [20/May/2021:08:18:38 +0000] "GET /wp-login.php HTTP/1.1" 404 1045 "-" "Mozilla/5.0 (Windows NT 6.1; WOW64) AppleWebKit/537.36 (KHTML, like Gecko) Chrome/29.0.1547.62 Safari/537.36"
3.8.12.221 - - [20/May/2021:08:18:38 +0000] "GET /wordpress/wp-login.php HTTP/1.1" 301 194 "-" "Mozilla/5.0 (Windows NT 6.1; WOW64) AppleWebKit/537.36 (KHTML, like Gecko) Chrome/29.0.1547.62 Safari/537.36"
3.8.12.221 - - [20/May/2021:08:18:38 +0000] "GET /wordpress/wp-login.php HTTP/2.0" 502 584 "-" "Mozilla/5.0 (Windows NT 6.1; WOW64) AppleWebKit/537.36 (KHTML, like Gecko) Chrome/29.0.1547.62 Safari/537.36"
3.8.12.221 - - [20/May/2021:08:18:38 +0000] "GET /blog/wp-login.php HTTP/1.1" 301 194 "-" "Mozilla/5.0 (Windows NT 6.1; WOW64) AppleWebKit/537.36 (KHTML, like Gecko) Chrome/29.0.1547.62 Safari/537.36"
3.8.12.221 - - [20/May/2021:08:18:38 +0000] "GET /blog/wp-login.php HTTP/2.0" 502 584 "-" "Mozilla/5.0 (Windows NT 6.1; WOW64) AppleWebKit/537.36 (KHTML, like Gecko) Chrome/29.0.1547.62 Safari/537.36"
3.8.12.221 - - [20/May/2021:08:18:38 +0000] "GET /wp/wp-login.php HTTP/1.1" 301 194 "-" "Mozilla/5.0 (Windows NT 6.1; WOW64) AppleWebKit/537.36 (KHTML, like Gecko) Chrome/29.0.1547.62 Safari/537.36"
3.8.12.221 - - [20/May/2021:08:18:38 +0000] "GET /wp/wp-login.php HTTP/2.0" 502 584 "-" "Mozilla/5.0 (Windows NT 6.1; WOW64) AppleWebKit/537.36 (KHTML, like Gecko) Chrome/29.0.1547.62 Safari/537.36"
172.69.23.73 - - [20/May/2021:08:18:44 +0000] "GET / HTTP/1.1" 200 1446 "-" "Mozilla/5.0 (X11; Linux x86_64) AppleWebKit/537.36 (KHTML, like Gecko) Chrome/83.0.4103.97 Safari/537.36"
63.143.42.248 - - [20/May/2021:08:20:30 +0000] "HEAD / HTTP/1.1" 302 0 "https://tautulli.neat.moe" "Mozilla/5.0+(compatible; UptimeRobot/2.0; http://www.uptimerobot.com/)"
63.143.42.248 - - [20/May/2021:08:20:30 +0000] "HEAD /auth/logout?redirect_uri=/ HTTP/1.1" 302 0 "https://tautulli.neat.moe" "Mozilla/5.0+(compatible; UptimeRobot/2.0; http://www.uptimerobot.com/)"
63.143.42.248 - - [20/May/2021:08:20:31 +0000] "HEAD /auth/login?redirect_uri=/ HTTP/1.1" 200 0 "https://tautulli.neat.moe" "Mozilla/5.0+(compatible; UptimeRobot/2.0; http://www.uptimerobot.com/)"
45.148.10.50 - - [20/May/2021:08:21:51 +0000] "HEAD / HTTP/1.0" 301 0 "-" "-"
63.143.42.248 - - [20/May/2021:08:25:30 +0000] "HEAD / HTTP/1.1" 302 0 "https://tautulli.neat.moe" "Mozilla/5.0+(compatible; UptimeRobot/2.0; http://www.uptimerobot.com/)"
63.143.42.248 - - [20/May/2021:08:25:30 +0000] "HEAD /auth/logout?redirect_uri=/ HTTP/1.1" 302 0 "https://tautulli.neat.moe" "Mozilla/5.0+(compatible; UptimeRobot/2.0; http://www.uptimerobot.com/)"
63.143.42.248 - - [20/May/2021:08:25:31 +0000] "HEAD /auth/login?redirect_uri=/ HTTP/1.1" 200 0 "https://tautulli.neat.moe" "Mozilla/5.0+(compatible; UptimeRobot/2.0; http://www.uptimerobot.com/)"
84.72.50.13 - - [20/May/2021:08:27:15 +0000] "GET /api/service/all HTTP/2.0" 200 770 "http://localhost:8081/" "Mozilla/5.0 (Windows NT 10.0; Win64; x64; rv:88.0) Gecko/20100101 Firefox/88.0"
84.72.50.13 - - [20/May/2021:08:27:15 +0000] "GET /api/config HTTP/2.0" 200 2848 "http://localhost:8081/" "Mozilla/5.0 (Windows NT 10.0; Win64; x64; rv:88.0) Gecko/20100101 Firefox/88.0"
84.72.50.13 - - [20/May/2021:08:27:15 +0000] "GET /api/config HTTP/2.0" 200 2848 "http://localhost:8081/" "Mozilla/5.0 (Windows NT 10.0; Win64; x64; rv:88.0) Gecko/20100101 Firefox/88.0"
84.72.50.13 - - [20/May/2021:08:27:15 +0000] "GET /api/config HTTP/2.0" 200 2848 "http://localhost:8081/" "Mozilla/5.0 (Windows NT 10.0; Win64; x64; rv:88.0) Gecko/20100101 Firefox/88.0"
84.72.50.13 - - [20/May/2021:08:27:15 +0000] "GET /api/config HTTP/2.0" 200 2848 "http://localhost:8081/" "Mozilla/5.0 (Windows NT 10.0; Win64; x64; rv:88.0) Gecko/20100101 Firefox/88.0"
84.72.50.13 - - [20/May/2021:08:27:15 +0000] "GET /api/config HTTP/2.0" 200 2848 "http://localhost:8081/" "Mozilla/5.0 (Windows NT 10.0; Win64; x64; rv:88.0) Gecko/20100101 Firefox/88.0"
84.72.50.13 - - [20/May/2021:08:27:18 +0000] "GET /api/service/all HTTP/2.0" 200 770 "http://localhost:8081/" "Mozilla/5.0 (Windows NT 10.0; Win64; x64; rv:88.0) Gecko/20100101 Firefox/88.0"
84.72.50.13 - - [20/May/2021:08:27:18 +0000] "GET /api/config/Nginx HTTP/2.0" 200 1257 "http://localhost:8081/" "Mozilla/5.0 (Windows NT 10.0; Win64; x64; rv:88.0) Gecko/20100101 Firefox/88.0"
84.72.50.13 - - [20/May/2021:08:27:24 +0000] "GET /api/service/82 HTTP/2.0" 200 210 "http://localhost:8081/" "Mozilla/5.0 (Windows NT 10.0; Win64; x64; rv:88.0) Gecko/20100101 Firefox/88.0"
84.72.50.13 - - [20/May/2021:08:27:24 +0000] "GET /api/config/Nginx HTTP/2.0" 200 1257 "http://localhost:8081/" "Mozilla/5.0 (Windows NT 10.0; Win64; x64; rv:88.0) Gecko/20100101 Firefox/88.0"
